// Jest Snapshot v1, https://goo.gl/fbAQLP

exports[`snapshot: className css 1`] = `
".MuiSnackbar-root {
  left: 0;
  right: 0;
  z-index: 1400;
  display: flex;
  position: fixed;
  align-items: center;
  justify-content: center;
}
.MuiSnackbar-anchorOriginTopCenter {
  top: 0;
}
@media (min-width:960px) {
  .MuiSnackbar-anchorOriginTopCenter {
    left: 50%;
    right: auto;
    transform: translateX(-50%);
  }
}
.MuiSnackbar-anchorOriginBottomCenter {
  bottom: 0;
}
@media (min-width:960px) {
  .MuiSnackbar-anchorOriginBottomCenter {
    left: 50%;
    right: auto;
    transform: translateX(-50%);
  }
}
.MuiSnackbar-anchorOriginTopRight {
  top: 0;
  justify-content: flex-end;
}
@media (min-width:960px) {
  .MuiSnackbar-anchorOriginTopRight {
    top: 24px;
    left: auto;
    right: 24px;
  }
}
.MuiSnackbar-anchorOriginBottomRight {
  bottom: 0;
  justify-content: flex-end;
}
@media (min-width:960px) {
  .MuiSnackbar-anchorOriginBottomRight {
    left: auto;
    right: 24px;
    bottom: 24px;
  }
}
.MuiSnackbar-anchorOriginTopLeft {
  top: 0;
  justify-content: flex-start;
}
@media (min-width:960px) {
  .MuiSnackbar-anchorOriginTopLeft {
    top: 24px;
    left: 24px;
    right: auto;
  }
}
.MuiSnackbar-anchorOriginBottomLeft {
  bottom: 0;
  justify-content: flex-start;
}
@media (min-width:960px) {
  .MuiSnackbar-anchorOriginBottomLeft {
    left: 24px;
    right: auto;
    bottom: 24px;
  }
}
.fcSnackbar-close {
  width: 32px;
  height: 32px;
}
.fcSnackbar-content {
  margin: 8px;
}"
`;

exports[`snapshot: className html 1`] = `null`;

exports[`snapshot: empty css 1`] = `""`;

exports[`snapshot: empty html 1`] = `null`;
